[r.mobirisesite.com/786896/assets/images/photo-1441205188609-b875e92a9807.jpg]
[backblue.gif]
[fade.gif]
[index.html]
[r.mobirisesite.com/786896/assets/web/assets/mobirise-icons2/mobirise2d3c6.css]
[r.mobirisesite.com/786896/assets/bootstrap/css/bootstrap.mind3c6.css]
[r.mobirisesite.com/786896/assets/bootstrap/css/bootstrap-grid.mind3c6.css]
[r.mobirisesite.com/786896/assets/bootstrap/css/bootstrap-reboot.mind3c6.css]
[r.mobirisesite.com/786896/assets/parallax/jarallaxd3c6.css]
[r.mobirisesite.com/786896/assets/dropdown/css/styled3c6.css]
[r.mobirisesite.com/786896/assets/socicon/css/stylesd3c6.css]
[r.mobirisesite.com/786896/assets/theme/css/styled3c6.css]
[r.mobirisesite.com/786896/assets/css/mbr-additionald3c6.css]
[r.mobirisesite.com/786896/assets/images/photo-1536548665027-b96d34a005ae.jpg]
[r.mobirisesite.com/786896/assets/images/photo-1513207565459-d7f36bfa1222.jpg]
[r.mobirisesite.com/786896/assets/images/photo-1656338997878-279d71d48f6e.jpg]
[r.mobirisesite.com/786896/assets/images/photo-1595436065982-84fa400d8d8e.jpg]
[r.mobirisesite.com/786896/assets/images/photo-1578161456171-a346107c3dcf.jpg]
[r.mobirisesite.com/786896/assets/images/photo-1522091066250-665186289043.jpg]
[r.mobirisesite.com/786896/assets/images/photo-1629085265617-aa802730c749.jpg]
[r.mobirisesite.com/786896/assets/images/photo-1492552181161-62217fc3076d.jpg]
[r.mobirisesite.com/786896/assets/images/photo-1505491230718-f9a2251661f9.jpg]
[r.mobirisesite.com/786896/assets/images/photo-1492550866188-62dbe0ce1559.jpg]
[r.mobirisesite.com/786896/assets/images/photo-1598555763574-dca77e10427e.jpg]
[r.mobirisesite.com/786896/assets/images/photo-1603166868295-4ae2cba14063.jpg]
[r.mobirisesite.com/786896/assets/images/photo-1483691278019-cb7253bee49f.jpg]
[r.mobirisesite.com/786896/assets/images/photo-1578496458288-4a2dd143e3c7.jpg]
[r.mobirisesite.com/786896/assets/images/photo-1515377905703-c4788e51af15.jpg]
[r.mobirisesite.com/786896/assets/images/photo-1507413245164-6160d8298b31.jpg]
[r.mobirisesite.com/786896/assets/images/photo-1578496457947-7d380ccddf55.jpg]
[r.mobirisesite.com/786896/assets/images/photo-1490735891913-40897cdaafd1.jpg]
[r.mobirisesite.com/786896/assets/images/photo-1567113463224-37cf03ba4577.jpg]
[r.mobirisesite.com/786896/assets/images/photo-1502828331539-51c709e80300.jpg]
[r.mobirisesite.com/786896/assets/images/photo-1579041925709-798d7d0fed1d.jpg]
[r.mobirisesite.com/786896/assets/images/photo-1529612700005-e35377bf1415.jpg]
[r.mobirisesite.com/786896/assets/images/photo-1646825461394-ebd1800141d1.jpg]
[r.mobirisesite.com/786896/assets/images/photo-1681415851723-dca11d0ec9a6.jpg]
[r.mobirisesite.com/786896/assets/images/photo-1651853082689-706323a31427.jpg]
[r.mobirisesite.com/786896/assets/web/assets/jquery/jquery.mind3c6.js]
[r.mobirisesite.com/786896/assets/bootstrap/js/bootstrap.bundle.mind3c6.js]
[r.mobirisesite.com/786896/assets/parallax/jarallaxd3c6.js]
[r.mobirisesite.com/786896/assets/smoothscroll/smooth-scrolld3c6.js]
[r.mobirisesite.com/786896/assets/ytplayer/indexd3c6.js]
[r.mobirisesite.com/786896/assets/dropdown/js/navbar-dropdownd3c6.js]
[r.mobirisesite.com/786896/assets/scrollgallery/scroll-galleryd3c6.js]
[r.mobirisesite.com/786896/assets/vimeoplayer/playerd3c6.js]
[r.mobirisesite.com/786896/assets/theme/js/scriptd3c6.js]
[786896.mobirisesite.com/index.html]
[r.mobirisesite.com/786896/assets/formoid/formoid.mind3c6.js]
[r.mobirisesite.com/786896/assets/web/assets/mobirise-icons2/mobirise21e04.eot]
[r.mobirisesite.com/786896/assets/web/assets/mobirise-icons2/mobirise21e04.ttf]
[r.mobirisesite.com/786896/assets/web/assets/mobirise-icons2/mobirise21e04.woff]
[r.mobirisesite.com/786896/assets/web/assets/mobirise-icons2/mobirise2d3c6.css]
[r.mobirisesite.com/786896/assets/bootstrap/css/bootstrap.mind3c6.css]
[r.mobirisesite.com/786896/assets/bootstrap/css/bootstrap-grid.mind3c6.css]
[r.mobirisesite.com/786896/assets/bootstrap/css/bootstrap-reboot.mind3c6.css]
[r.mobirisesite.com/786896/assets/parallax/jarallaxd3c6.css]
[r.mobirisesite.com/786896/assets/dropdown/css/styled3c6.css]
[r.mobirisesite.com/786896/assets/socicon/css/stylesd3c6.css]
[r.mobirisesite.com/786896/assets/theme/css/styled3c6.css]
[r.mobirisesite.com/786896/assets/web/assets/mobirise-icons2/mobirise21e04.svg]
[r.mobirisesite.com/786896/assets/images/photo-1579291465309-278e8665628d.jpg]
[r.mobirisesite.com/786896/assets/images/background1da7a.jpg]
[r.mobirisesite.com/786896/assets/images/photo-1519002761217-86c1ae374397.jpg]
[r.mobirisesite.com/786896/assets/css/mbr-additionald3c6.css]
[r.mobirisesite.com/786896/assets/mbr-switch-arrow/mbr-switch-arrowd3c6.js]
[r.mobirisesite.com/786896/assets/web/assets/mobirise-icons2/mobirise21e04.svg]
